{
  "version": "1.5.0",
  "plugins_used": [
    {
      "name": "ArtifactoryDetector"
    },
    {
      "name": "AWSKeyDetector"
    },
    {
      "name": "AzureStorageKeyDetector"
    },
    {
      "name": "Base64HighEntropyString",
      "limit": 4.5
    },
    {
      "name": "BasicAuthDetector"
    },
    {
      "name": "CloudantDetector"
    },
    {
      "name": "DiscordBotTokenDetector"
    },
    {
      "name": "GitHubTokenDetector"
    },
    {
      "name": "GitLabTokenDetector"
    },
    {
      "name": "HexHighEntropyString",
      "limit": 3.0
    },
    {
      "name": "IbmCloudIamDetector"
    },
    {
      "name": "IbmCosHmacDetector"
    },
    {
      "name": "IPPublicDetector"
    },
    {
      "name": "JwtTokenDetector"
    },
    {
      "name": "KeywordDetector",
      "keyword_exclude": ""
    },
    {
      "name": "MailchimpDetector"
    },
    {
      "name": "NpmDetector"
    },
    {
      "name": "OpenAIDetector"
    },
    {
      "name": "PrivateKeyDetector"
    },
    {
      "name": "PypiTokenDetector"
    },
    {
      "name": "SendGridDetector"
    },
    {
      "name": "SlackDetector"
    },
    {
      "name": "SoftlayerDetector"
    },
    {
      "name": "SquareOAuthDetector"
    },
    {
      "name": "StripeDetector"
    },
    {
      "name": "TelegramBotTokenDetector"
    },
    {
      "name": "TwilioKeyDetector"
    }
  ],
  "filters_used": [
    {
      "path": "detect_secrets.filters.allowlist.is_line_allowlisted"
    },
    {
      "path": "detect_secrets.filters.common.is_baseline_file",
      "filename": ".secrets.baseline"
    },
    {
      "path": "detect_secrets.filters.common.is_ignored_due_to_verification_policies",
      "min_level": 2
    },
    {
      "path": "detect_secrets.filters.heuristic.is_indirect_reference"
    },
    {
      "path": "detect_secrets.filters.heuristic.is_likely_id_string"
    },
    {
      "path": "detect_secrets.filters.heuristic.is_lock_file"
    },
    {
      "path": "detect_secrets.filters.heuristic.is_not_alphanumeric_string"
    },
    {
      "path": "detect_secrets.filters.heuristic.is_potential_uuid"
    },
    {
      "path": "detect_secrets.filters.heuristic.is_prefixed_with_dollar_sign"
    },
    {
      "path": "detect_secrets.filters.heuristic.is_sequential_string"
    },
    {
      "path": "detect_secrets.filters.heuristic.is_swagger_file"
    },
    {
      "path": "detect_secrets.filters.heuristic.is_templated_secret"
    },
    {
      "path": "detect_secrets.filters.regex.should_exclude_file",
      "pattern": [
        "^uv\\.lock$"
      ]
    },
    {
      "path": "detect_secrets.filters.regex.should_exclude_line",
      "pattern": [
        "^\\s*secret_name: [\"']?[A-Z][A-Z0-9]*(_[A-Z0-9]+)+[\"']?\\s*$"
      ]
    }
  ],
  "results": {
    "tests/fixtures/clenergy_ev/locations_page1.json": [
      {
        "type": "Hex High Entropy String",
        "filename": "tests/fixtures/clenergy_ev/locations_page1.json",
        "hashed_secret": "a7c104cfcc5e30284b29c3a5ba2f9676aa88e71c",
        "is_verified": false,
        "line_number": 19
      },
      {
        "type": "Hex High Entropy String",
        "filename": "tests/fixtures/clenergy_ev/locations_page1.json",
        "hashed_secret": "a20044ffe70d849e3dde7cd6cdd8147092e389c0",
        "is_verified": false,
        "line_number": 54
      },
      {
        "type": "Hex High Entropy String",
        "filename": "tests/fixtures/clenergy_ev/locations_page1.json",
        "hashed_secret": "0c883c5549cb1571e5d09e572085cbd386725e40",
        "is_verified": false,
        "line_number": 134
      },
      {
        "type": "Hex High Entropy String",
        "filename": "tests/fixtures/clenergy_ev/locations_page1.json",
        "hashed_secret": "3aa03c9a714bc03990411494154678762e1a4eee",
        "is_verified": false,
        "line_number": 169
      },
      {
        "type": "Hex High Entropy String",
        "filename": "tests/fixtures/clenergy_ev/locations_page1.json",
        "hashed_secret": "eadd1eef5bda88f7a33728a5914e1b56ecafc88e",
        "is_verified": false,
        "line_number": 213
      },
      {
        "type": "Hex High Entropy String",
        "filename": "tests/fixtures/clenergy_ev/locations_page1.json",
        "hashed_secret": "65f9104187c6172ac37bd2fafaa2fc2d9c1e2471",
        "is_verified": false,
        "line_number": 248
      },
      {
        "type": "Hex High Entropy String",
        "filename": "tests/fixtures/clenergy_ev/locations_page1.json",
        "hashed_secret": "7da16f0c38901f55d508a12e2138fe3c7a2eace0",
        "is_verified": false,
        "line_number": 364
      },
      {
        "type": "Hex High Entropy String",
        "filename": "tests/fixtures/clenergy_ev/locations_page1.json",
        "hashed_secret": "80023a86abfca943d7b8ddaab585d4243ef93ce2",
        "is_verified": false,
        "line_number": 399
      },
      {
        "type": "Hex High Entropy String",
        "filename": "tests/fixtures/clenergy_ev/locations_page1.json",
        "hashed_secret": "4d07edfe6203a39626f3e7f513e4759675a3706a",
        "is_verified": false,
        "line_number": 438
      },
      {
        "type": "Hex High Entropy String",
        "filename": "tests/fixtures/clenergy_ev/locations_page1.json",
        "hashed_secret": "c1f1fcfafb422581ae367da5abccb9c69ba60bfe",
        "is_verified": false,
        "line_number": 473
      },
      {
        "type": "Hex High Entropy String",
        "filename": "tests/fixtures/clenergy_ev/locations_page1.json",
        "hashed_secret": "0ec517ef893c38ac14cc71041cf6f06b5bb1d4d5",
        "is_verified": false,
        "line_number": 517
      },
      {
        "type": "Hex High Entropy String",
        "filename": "tests/fixtures/clenergy_ev/locations_page1.json",
        "hashed_secret": "f8a6a62eb4ebce094bb9f1b09da87ef297d5905e",
        "is_verified": false,
        "line_number": 552
      },
      {
        "type": "Hex High Entropy String",
        "filename": "tests/fixtures/clenergy_ev/locations_page1.json",
        "hashed_secret": "6244a5b8844d6fc32ea6afa5656d6b13f672b6b2",
        "is_verified": false,
        "line_number": 668
      },
      {
        "type": "Hex High Entropy String",
        "filename": "tests/fixtures/clenergy_ev/locations_page1.json",
        "hashed_secret": "274e41ccc54501fa9e7f44f5c9703259c4f94d14",
        "is_verified": false,
        "line_number": 703
      },
      {
        "type": "Hex High Entropy String",
        "filename": "tests/fixtures/clenergy_ev/locations_page1.json",
        "hashed_secret": "274460675cd7270edebeed2e0e063ea8da5de887",
        "is_verified": false,
        "line_number": 747
      },
      {
        "type": "Hex High Entropy String",
        "filename": "tests/fixtures/clenergy_ev/locations_page1.json",
        "hashed_secret": "69b81dc2ddd0d0112f74745b0ab94c2f61d74b20",
        "is_verified": false,
        "line_number": 782
      }
    ],
    "tests/fixtures/clenergy_ev/tariffs_page1.json": [
      {
        "type": "Hex High Entropy String",
        "filename": "tests/fixtures/clenergy_ev/tariffs_page1.json",
        "hashed_secret": "c1f1fcfafb422581ae367da5abccb9c69ba60bfe",
        "is_verified": false,
        "line_number": 17
      },
      {
        "type": "Hex High Entropy String",
        "filename": "tests/fixtures/clenergy_ev/tariffs_page1.json",
        "hashed_secret": "274e41ccc54501fa9e7f44f5c9703259c4f94d14",
        "is_verified": false,
        "line_number": 34
      },
      {
        "type": "Hex High Entropy String",
        "filename": "tests/fixtures/clenergy_ev/tariffs_page1.json",
        "hashed_secret": "3aa03c9a714bc03990411494154678762e1a4eee",
        "is_verified": false,
        "line_number": 51
      },
      {
        "type": "Hex High Entropy String",
        "filename": "tests/fixtures/clenergy_ev/tariffs_page1.json",
        "hashed_secret": "65f9104187c6172ac37bd2fafaa2fc2d9c1e2471",
        "is_verified": false,
        "line_number": 73
      },
      {
        "type": "Hex High Entropy String",
        "filename": "tests/fixtures/clenergy_ev/tariffs_page1.json",
        "hashed_secret": "69b81dc2ddd0d0112f74745b0ab94c2f61d74b20",
        "is_verified": false,
        "line_number": 90
      },
      {
        "type": "Hex High Entropy String",
        "filename": "tests/fixtures/clenergy_ev/tariffs_page1.json",
        "hashed_secret": "a20044ffe70d849e3dde7cd6cdd8147092e389c0",
        "is_verified": false,
        "line_number": 107
      },
      {
        "type": "Hex High Entropy String",
        "filename": "tests/fixtures/clenergy_ev/tariffs_page1.json",
        "hashed_secret": "f8a6a62eb4ebce094bb9f1b09da87ef297d5905e",
        "is_verified": false,
        "line_number": 124
      },
      {
        "type": "Hex High Entropy String",
        "filename": "tests/fixtures/clenergy_ev/tariffs_page1.json",
        "hashed_secret": "80023a86abfca943d7b8ddaab585d4243ef93ce2",
        "is_verified": false,
        "line_number": 141
      }
    ]
  },
  "generated_at": "2026-10-09T07:47:27Z"
}
